errors: []
outputs:
- verified: true
  execute:
    four_program.aleo/a:
      outputs:
      - '{"type":"future","id":"7070877344843470845071680218340128414876561588663484899722739079133777261690field","value":"{\n  program_id: four_program.aleo,\n  function_name: a,\n  arguments: [\n    {\n      program_id: two_program.aleo,\n      function_name: b,\n      arguments: [\n        {\n          program_id: zero_program.aleo,\n          function_name: c,\n          arguments: [\n            aleo1kw4knandael9qcpxs6g36rr6h7dwvjz6q25ueah6zz9v57zjlvxsx5llq8\n          ]\n        },\n        {\n          program_id: one_program.aleo,\n          function_name: d,\n          arguments: [\n            aleo1kw4knandael9qcpxs6g36rr6h7dwvjz6q25ueah6zz9v57zjlvxsx5llq8\n          ]\n        },\n        aleo1kw4knandael9qcpxs6g36rr6h7dwvjz6q25ueah6zz9v57zjlvxsx5llq8\n      ]\n    },\n    {\n      program_id: three_program.aleo,\n      function_name: e,\n      arguments: [\n        {\n          program_id: two_program.aleo,\n          function_name: b,\n          arguments: [\n            {\n              program_id: zero_program.aleo,\n              function_name: c,\n              arguments: [\n                aleo1kw4knandael9qcpxs6g36rr6h7dwvjz6q25ueah6zz9v57zjlvxsx5llq8\n              ]\n            },\n            {\n              program_id: one_program.aleo,\n              function_name: d,\n              arguments: [\n                aleo1kw4knandael9qcpxs6g36rr6h7dwvjz6q25ueah6zz9v57zjlvxsx5llq8\n              ]\n            },\n            aleo1kw4knandael9qcpxs6g36rr6h7dwvjz6q25ueah6zz9v57zjlvxsx5llq8\n          ]\n        },\n        {\n          program_id: one_program.aleo,\n          function_name: d,\n          arguments: [\n            aleo1kw4knandael9qcpxs6g36rr6h7dwvjz6q25ueah6zz9v57zjlvxsx5llq8\n          ]\n        },\n        {\n          program_id: zero_program.aleo,\n          function_name: c,\n          arguments: [\n            aleo1kw4knandael9qcpxs6g36rr6h7dwvjz6q25ueah6zz9v57zjlvxsx5llq8\n          ]\n        },\n        aleo1kw4knandael9qcpxs6g36rr6h7dwvjz6q25ueah6zz9v57zjlvxsx5llq8\n      ]\n    },\n    aleo1kw4knandael9qcpxs6g36rr6h7dwvjz6q25ueah6zz9v57zjlvxsx5llq8\n  ]\n}"}'
  speculate: the execution was accepted
  add_next_block: succeeded.
additional:
- child_outputs:
    zero_program.aleo/c:
      outputs:
      - '{"type":"future","id":"868980695576387061465481340013995581415399669646103119988420471982198353684field","value":"{\n  program_id: zero_program.aleo,\n  function_name: c,\n  arguments: [\n    aleo1kw4knandael9qcpxs6g36rr6h7dwvjz6q25ueah6zz9v57zjlvxsx5llq8\n  ]\n}"}'
    one_program.aleo/d:
      outputs:
      - '{"type":"future","id":"7019513656735375987781202584670889731433817481734857255379784812609399295012field","value":"{\n  program_id: one_program.aleo,\n  function_name: d,\n  arguments: [\n    aleo1kw4knandael9qcpxs6g36rr6h7dwvjz6q25ueah6zz9v57zjlvxsx5llq8\n  ]\n}"}'
    two_program.aleo/b:
      outputs:
      - '{"type":"future","id":"3159380222510695027024010240323042120907966737357325980281186387999863524975field","value":"{\n  program_id: two_program.aleo,\n  function_name: b,\n  arguments: [\n    {\n      program_id: zero_program.aleo,\n      function_name: c,\n      arguments: [\n        aleo1kw4knandael9qcpxs6g36rr6h7dwvjz6q25ueah6zz9v57zjlvxsx5llq8\n      ]\n    },\n    {\n      program_id: one_program.aleo,\n      function_name: d,\n      arguments: [\n        aleo1kw4knandael9qcpxs6g36rr6h7dwvjz6q25ueah6zz9v57zjlvxsx5llq8\n      ]\n    },\n    aleo1kw4knandael9qcpxs6g36rr6h7dwvjz6q25ueah6zz9v57zjlvxsx5llq8\n  ]\n}"}'
    three_program.aleo/e:
      outputs:
      - '{"type":"future","id":"2107445810553019850887004032370986179841471500877564050507038295661575797827field","value":"{\n  program_id: three_program.aleo,\n  function_name: e,\n  arguments: [\n    {\n      program_id: two_program.aleo,\n      function_name: b,\n      arguments: [\n        {\n          program_id: zero_program.aleo,\n          function_name: c,\n          arguments: [\n            aleo1kw4knandael9qcpxs6g36rr6h7dwvjz6q25ueah6zz9v57zjlvxsx5llq8\n          ]\n        },\n        {\n          program_id: one_program.aleo,\n          function_name: d,\n          arguments: [\n            aleo1kw4knandael9qcpxs6g36rr6h7dwvjz6q25ueah6zz9v57zjlvxsx5llq8\n          ]\n        },\n        aleo1kw4knandael9qcpxs6g36rr6h7dwvjz6q25ueah6zz9v57zjlvxsx5llq8\n      ]\n    },\n    {\n      program_id: one_program.aleo,\n      function_name: d,\n      arguments: [\n        aleo1kw4knandael9qcpxs6g36rr6h7dwvjz6q25ueah6zz9v57zjlvxsx5llq8\n      ]\n    },\n    {\n      program_id: zero_program.aleo,\n      function_name: c,\n      arguments: [\n        aleo1kw4knandael9qcpxs6g36rr6h7dwvjz6q25ueah6zz9v57zjlvxsx5llq8\n      ]\n    },\n    aleo1kw4knandael9qcpxs6g36rr6h7dwvjz6q25ueah6zz9v57zjlvxsx5llq8\n  ]\n}"}'
    credits.aleo/fee_public:
      outputs:
      - '{"type":"future","id":"1237672223493374809326586125815613616482431271830981051687054520069740484800field","value":"{\n  program_id: credits.aleo,\n  function_name: fee_public,\n  arguments: [\n    aleo1kw4knandael9qcpxs6g36rr6h7dwvjz6q25ueah6zz9v57zjlvxsx5llq8,\n    1312883u64\n  ]\n}"}'
