errors: []
outputs:
- verified: true
  execute:
    count_usages.aleo/add_and_subtract:
      outputs:
      - '{"type":"private","id":"3123182017432916757124403751790889348245620410758014315114714729237515860473field","value":"ciphertext1qyqwsyyjjx85zuu3rh9ujc7lt33dgqj28xcpxa5vz0uscttkelcm2yglca4ja"}'
      - '{"type":"future","id":"3075184327471252279705776826446991266718083739660015565935642091055852740382field","value":"{\n  program_id: count_usages.aleo,\n  function_name: add_and_subtract,\n  arguments: [\n    {\n      program_id: basic_math.aleo,\n      function_name: add_and_count,\n      arguments: [\n        aleo1mrughg5ssadd9fc2uwve7l6u24xn76kyz24zsjtzta03vgkq4vpqggl6fg\n      ]\n    },\n    {\n      program_id: basic_math.aleo,\n      function_name: sub_and_count,\n      arguments: [\n        aleo1mrughg5ssadd9fc2uwve7l6u24xn76kyz24zsjtzta03vgkq4vpqggl6fg\n      ]\n    }\n  \n  ]\n}"}'
  speculate: the execution was accepted
  add_next_block: succeeded.
additional:
- child_outputs:
    basic_math.aleo/add_and_count:
      outputs:
      - '{"type":"private","id":"2687119938526671223430712275520099287526474990567687943355031309835685603554field","value":"ciphertext1qyqp0gkmren9kcflhxpg3v9e2cw97um7lu4tfwuh7w5h5nk4mpvjjpquaydnu"}'
      - '{"type":"future","id":"4247717008565083288734190529633596823232122291180671236322823911170152094500field","value":"{\n  program_id: basic_math.aleo,\n  function_name: add_and_count,\n  arguments: [\n    aleo1mrughg5ssadd9fc2uwve7l6u24xn76kyz24zsjtzta03vgkq4vpqggl6fg\n  ]\n}"}'
    basic_math.aleo/sub_and_count:
      outputs:
      - '{"type":"private","id":"7992464697490466293984943598604231412571016633865588345761260178196099457747field","value":"ciphertext1qyqxeag0ujtnn39yp0x9qryt77fkcklyc466cp3l7g8wgt4524jngzqz5ask9"}'
      - '{"type":"future","id":"6594089907002769296322737141374301940875927088813929000246625002187630516842field","value":"{\n  program_id: basic_math.aleo,\n  function_name: sub_and_count,\n  arguments: [\n    aleo1mrughg5ssadd9fc2uwve7l6u24xn76kyz24zsjtzta03vgkq4vpqggl6fg\n  ]\n}"}'
    credits.aleo/fee_public:
      outputs:
      - '{"type":"future","id":"1724410343181243501519372165830316719575121816257937877011429517054089311771field","value":"{\n  program_id: credits.aleo,\n  function_name: fee_public,\n  arguments: [\n    aleo1kw4knandael9qcpxs6g36rr6h7dwvjz6q25ueah6zz9v57zjlvxsx5llq8,\n    263392u64\n  ]\n}"}'
