errors: []
outputs:
- execute: 'Failed to evaluate instruction (assert.neq self.caller self.signer ;): ''assert.neq'' failed: ''aleo1qr2ha4pfs5l28aze88yn6fhleeythklkczrule2v838uwj65n5gqxt9djx'' is equal to ''aleo1qr2ha4pfs5l28aze88yn6fhleeythklkczrule2v838uwj65n5gqxt9djx'' (should not be equal)'
- verified: true
  execute:
    parent.aleo/foo:
      outputs:
      - '{"type":"public","id":"2113639263284598783237184890483589485263377586770518008730201564727239039871field","value":"aleo16w8t56s7v6ud7vu33fr388ph0dq0c7yhp597cyjt88rr3nultcyqcyk9yy"}'
      - '{"type":"public","id":"7678040084911633492076681690048450077835769459926508481383981892807233674714field","value":"aleo1qr2ha4pfs5l28aze88yn6fhleeythklkczrule2v838uwj65n5gqxt9djx"}'
      - '{"type":"public","id":"4672581957597248464578193953626136889647685708065995338030805320939951875503field","value":"aleo1qr2ha4pfs5l28aze88yn6fhleeythklkczrule2v838uwj65n5gqxt9djx"}'
      - '{"type":"public","id":"5713124416526318631344949557472532527559170952243278345561593407764623253620field","value":"aleo1qr2ha4pfs5l28aze88yn6fhleeythklkczrule2v838uwj65n5gqxt9djx"}'
  speculate: the execution was accepted
  add_next_block: succeeded.
additional:
- {}
- child_outputs:
    child.aleo/foo:
      outputs:
      - '{"type":"public","id":"6570086835149819439219303224003492878705751026121012692011734299993965867007field","value":"aleo16w8t56s7v6ud7vu33fr388ph0dq0c7yhp597cyjt88rr3nultcyqcyk9yy"}'
      - '{"type":"public","id":"2866009676898789345591427281882170655806617413858789892357234972821058149651field","value":"aleo1qr2ha4pfs5l28aze88yn6fhleeythklkczrule2v838uwj65n5gqxt9djx"}'
    credits.aleo/fee_public:
      outputs:
      - '{"type":"future","id":"2015747658045377273535220569098051012671760616560705166778921345457847058512field","value":"{\n  program_id: credits.aleo,\n  function_name: fee_public,\n  arguments: [\n    aleo1qr2ha4pfs5l28aze88yn6fhleeythklkczrule2v838uwj65n5gqxt9djx,\n    2123u64\n  ]\n}"}'
