errors: []
outputs:
- verified: true
  execute:
    relay.aleo/send:
      outputs:
      - '{"type":"record","id":"2317537586898875003527911595881250652314627769570172347256550518017872557697field","checksum":"5016557145498331574642320031968331291285347334593139541782766783223318670648field","value":"record1qyqsp8ch07pqnhwum52l685x8yelm2xhwevs9lh9gfmx2zpz26kff5g0qyzxgct5vy3sqqspqz337ysk89zjy89u65led0e7y0wj7p5ejdwhatq68zcdagqkwl9sdnqms8z3y6lnck4kzukmh5769mg0933thnfetskqguycewflh4qflw82vn"}'
      - '{"type":"future","id":"6060171713510534514143443306903785915198276713047207513053052324882806972526field","value":"{\n  program_id: relay.aleo,\n  function_name: send,\n  arguments: [\n    aleo1f6eg623knp66cwx0926w3plgdgzcmfpgyrzgnjz90mucgs3z7s9qls4upm\n  ]\n}"}'
  speculate: the execution was rejected
  add_next_block: succeeded.
- verified: true
  execute:
    registry.aleo/register:
      outputs:
      - '{"type":"future","id":"4912027766578041258717763414531570075203769145029783107169756543671526859063field","value":"{\n  program_id: registry.aleo,\n  function_name: register,\n  arguments: [\n    aleo1f6eg623knp66cwx0926w3plgdgzcmfpgyrzgnjz90mucgs3z7s9qls4upm\n  ]\n}"}'
  speculate: the execution was accepted
  add_next_block: succeeded.
- verified: true
  execute:
    relay.aleo/send:
      outputs:
      - '{"type":"record","id":"7570363776723556048515317606603820932475200424645714329992113285075479807481field","checksum":"2640827483033329518607665013126665825734877898317823925445957258899070118927field","value":"record1qyqsqhp6suzyvpvf5cqtf8k5lj7j6vgljvn83knvx6z429zhxp5fgmqdqyzxgct5vy3sqqspqqj9pn534vyqvqvfk5lygrc7cqj6rx8tcmgdkmus0kfw9y5csygqdmx09zv7xawh9s9e7d2x5l6j20wfxuk4r9z6vtrg7gh7q6pv3tg8xfuuru"}'
      - '{"type":"future","id":"8396346733807272095051892936411848657999314439834335427243101849411797227479field","value":"{\n  program_id: relay.aleo,\n  function_name: send,\n  arguments: [\n    aleo1f6eg623knp66cwx0926w3plgdgzcmfpgyrzgnjz90mucgs3z7s9qls4upm\n  ]\n}"}'
  speculate: the execution was accepted
  add_next_block: succeeded.
- verified: true
  execute:
    registry.aleo/unregister:
      outputs:
      - '{"type":"future","id":"4916621928718597326453327850342432807913183863515286820927876893411281241764field","value":"{\n  program_id: registry.aleo,\n  function_name: unregister,\n  arguments: [\n    aleo1f6eg623knp66cwx0926w3plgdgzcmfpgyrzgnjz90mucgs3z7s9qls4upm\n  ]\n}"}'
  speculate: the execution was accepted
  add_next_block: succeeded.
- verified: true
  execute:
    relay.aleo/send:
      outputs:
      - '{"type":"record","id":"5530328758191127651605502960961789058994029742872360714815774182797261982763field","checksum":"2945321521037774393869829376179129152338156532812236337422211831315443690211field","value":"record1qyqsqel2rux546nzp57eh38k24xfflptvpyzegcxxwugj097vkvjukstqyzxgct5vy3sqqspqzhhjatdt09f8lxsaukt4njxeql4my8p86fw2r4jxc3scdez8asqs3hpuh9taf46gyltxxh22qp9x4xzjtmaq0ung8adtumsw94cecs0x0xqkl"}'
      - '{"type":"future","id":"6830445503994857147753329697934978051706269651779887682757924869644027854312field","value":"{\n  program_id: relay.aleo,\n  function_name: send,\n  arguments: [\n    aleo1f6eg623knp66cwx0926w3plgdgzcmfpgyrzgnjz90mucgs3z7s9qls4upm\n  ]\n}"}'
  speculate: the execution was rejected
  add_next_block: succeeded.
additional:
- child_outputs:
    credits.aleo/fee_public:
      outputs:
      - '{"type":"future","id":"4960890695745452772232908991619728704202417459002410486474521601906731342806field","value":"{\n  program_id: credits.aleo,\n  function_name: fee_public,\n  arguments: [\n    aleo1xe2fps8f9xpdas2q0fqy22uraenk84tvvzetrsyxgnwy6445h59s6wv78x,\n    28479u64\n  ]\n}"}'
- child_outputs:
    credits.aleo/fee_public:
      outputs:
      - '{"type":"future","id":"8430479447748956098157716177872888769234364744387596392617360355542856164660field","value":"{\n  program_id: credits.aleo,\n  function_name: fee_public,\n  arguments: [\n    aleo1f6eg623knp66cwx0926w3plgdgzcmfpgyrzgnjz90mucgs3z7s9qls4upm,\n    101210u64\n  ]\n}"}'
- child_outputs:
    credits.aleo/fee_public:
      outputs:
      - '{"type":"future","id":"4502206432380012456604755847468214248986763931949891558228458881027814975027field","value":"{\n  program_id: credits.aleo,\n  function_name: fee_public,\n  arguments: [\n    aleo1xe2fps8f9xpdas2q0fqy22uraenk84tvvzetrsyxgnwy6445h59s6wv78x,\n    28479u64\n  ]\n}"}'
- child_outputs:
    credits.aleo/fee_public:
      outputs:
      - '{"type":"future","id":"3161662896320756371352352358177196789819155276370479628395808356491575243730field","value":"{\n  program_id: credits.aleo,\n  function_name: fee_public,\n  arguments: [\n    aleo1f6eg623knp66cwx0926w3plgdgzcmfpgyrzgnjz90mucgs3z7s9qls4upm,\n    101214u64\n  ]\n}"}'
- child_outputs:
    credits.aleo/fee_public:
      outputs:
      - '{"type":"future","id":"7835046846960912856976978166201827944679821834273867346502722712552318601688field","value":"{\n  program_id: credits.aleo,\n  function_name: fee_public,\n  arguments: [\n    aleo1xe2fps8f9xpdas2q0fqy22uraenk84tvvzetrsyxgnwy6445h59s6wv78x,\n    28479u64\n  ]\n}"}'
